📁 Running tests in: /Users/alex/fio-remote-tester
🧪 Temporary test file: .//testfile.tmp

🚀 Running: randread
randread: (g=0): rw=randread, bs=(R) 4096B-4096B, (W) 4096B-4096B, (T) 4096B-4096B, ioengine=psync, iodepth=64
fio-3.39
Starting 1 process
randread: Laying out IO file (1 file / 512MiB)
note: both iodepth >= 1 and synchronous I/O engine are selected, queue depth will be capped at 1

randread: (groupid=0, jobs=1): err= 0: pid=86691: Wed Apr 30 16:03:18 2025
  read: IOPS=29.0k, BW=113MiB/s (119MB/s)(512MiB/4518msec)
    clat (nsec): min=0, max=1239.0k, avg=34234.24, stdev=41216.99
     lat (nsec): min=0, max=1239.0k, avg=34258.78, stdev=41216.75
    clat percentiles (nsec):
     |  1.00th=[  1004],  5.00th=[  1004], 10.00th=[  1004], 20.00th=[  1004],
     | 30.00th=[  2008], 40.00th=[  2008], 50.00th=[  2008], 60.00th=[ 66048],
     | 70.00th=[ 70144], 80.00th=[ 72192], 90.00th=[ 83456], 95.00th=[ 99840],
     | 99.00th=[125440], 99.50th=[129536], 99.90th=[250880], 99.95th=[362496],
     | 99.99th=[464896]
   bw (  KiB/s): min=90517, max=127521, per=98.01%, avg=113732.62, stdev=15474.72, samples=8
   iops        : min=22629, max=31880, avg=28432.75, stdev=3868.60, samples=8
  lat (nsec)   : 2=0.10%
  lat (usec)   : 2=26.75%, 4=30.48%, 10=0.12%, 20=0.02%, 50=0.74%
  lat (usec)   : 100=36.75%, 250=4.92%, 500=0.10%, 750=0.01%, 1000=0.01%
  lat (msec)   : 2=0.01%
  cpu          : usr=1.17%, sys=10.60%, ctx=56123, majf=0, minf=8
  IO depths    : 1=100.0%, 2=0.0%, 4=0.0%, 8=0.0%, 16=0.0%, 32=0.0%, >=64=0.0%
     submit    : 0=0.0%, 4=100.0%, 8=0.0%, 16=0.0%, 32=0.0%, 64=0.0%, >=64=0.0%
     complete  : 0=0.0%, 4=100.0%, 8=0.0%, 16=0.0%, 32=0.0%, 64=0.0%, >=64=0.0%
     issued rwts: total=131072,0,0,0 short=0,0,0,0 dropped=0,0,0,0
     latency   : target=0, window=0, percentile=100.00%, depth=64

Run status group 0 (all jobs):
   READ: bw=113MiB/s (119MB/s), 113MiB/s-113MiB/s (119MB/s-119MB/s), io=512MiB (537MB), run=4518-4518msec

🚀 Running: randwrite
randwrite: (g=0): rw=randwrite, bs=(R) 4096B-4096B, (W) 4096B-4096B, (T) 4096B-4096B, ioengine=psync, iodepth=64
fio-3.39
Starting 1 process
note: both iodepth >= 1 and synchronous I/O engine are selected, queue depth will be capped at 1

randwrite: (groupid=0, jobs=1): err= 0: pid=86715: Wed Apr 30 16:03:33 2025
  write: IOPS=9302, BW=36.3MiB/s (38.1MB/s)(512MiB/14090msec); 0 zone resets
    clat (nsec): min=1000, max=37298k, avg=107118.78, stdev=232721.57
     lat (nsec): min=1000, max=37298k, avg=107156.78, stdev=232725.61
    clat percentiles (usec):
     |  1.00th=[    6],  5.00th=[    6], 10.00th=[    8], 20.00th=[   85],
     | 30.00th=[   87], 40.00th=[   89], 50.00th=[   90], 60.00th=[   91],
     | 70.00th=[   93], 80.00th=[   96], 90.00th=[  125], 95.00th=[  408],
     | 99.00th=[  441], 99.50th=[  457], 99.90th=[  717], 99.95th=[ 1156],
     | 99.99th=[ 5604]
   bw (  KiB/s): min=14928, max=54178, per=99.99%, avg=37207.11, stdev=7220.01, samples=27
   iops        : min= 3732, max=13544, avg=9301.41, stdev=1804.91, samples=27
  lat (usec)   : 2=0.01%, 4=0.83%, 10=13.14%, 20=0.52%, 50=1.17%
  lat (usec)   : 100=69.88%, 250=6.71%, 500=7.51%, 750=0.15%, 1000=0.03%
  lat (msec)   : 2=0.04%, 4=0.01%, 10=0.01%, 20=0.01%, 50=0.01%
  cpu          : usr=0.58%, sys=11.85%, ctx=117546, majf=0, minf=7
  IO depths    : 1=100.0%, 2=0.0%, 4=0.0%, 8=0.0%, 16=0.0%, 32=0.0%, >=64=0.0%
     submit    : 0=0.0%, 4=100.0%, 8=0.0%, 16=0.0%, 32=0.0%, 64=0.0%, >=64=0.0%
     complete  : 0=0.0%, 4=100.0%, 8=0.0%, 16=0.0%, 32=0.0%, 64=0.0%, >=64=0.0%
     issued rwts: total=0,131072,0,0 short=0,0,0,0 dropped=0,0,0,0
     latency   : target=0, window=0, percentile=100.00%, depth=64

Run status group 0 (all jobs):
  WRITE: bw=36.3MiB/s (38.1MB/s), 36.3MiB/s-36.3MiB/s (38.1MB/s-38.1MB/s), io=512MiB (537MB), run=14090-14090msec

🚀 Running: randrw
randrw: (g=0): rw=randrw, bs=(R) 16.0KiB-16.0KiB, (W) 16.0KiB-16.0KiB, (T) 16.0KiB-16.0KiB, ioengine=psync, iodepth=32
fio-3.39
Starting 1 process
note: both iodepth >= 1 and synchronous I/O engine are selected, queue depth will be capped at 1

randrw: (groupid=0, jobs=1): err= 0: pid=86747: Wed Apr 30 16:03:36 2025
  read: IOPS=10.9k, BW=170MiB/s (179MB/s)(461MiB/2703msec)
    clat (usec): min=3, max=1424, avg=88.07, stdev=41.30
     lat (usec): min=3, max=1424, avg=88.10, stdev=41.31
    clat percentiles (usec):
     |  1.00th=[   73],  5.00th=[   77], 10.00th=[   78], 20.00th=[   80],
     | 30.00th=[   81], 40.00th=[   82], 50.00th=[   83], 60.00th=[   84],
     | 70.00th=[   85], 80.00th=[   86], 90.00th=[   90], 95.00th=[  106],
     | 99.00th=[  338], 99.50th=[  433], 99.90th=[  482], 99.95th=[  603],
     | 99.99th=[  906]
   bw (  KiB/s): min=169663, max=180752, per=100.00%, avg=175487.20, stdev=4615.52, samples=5
   iops        : min=10603, max=11297, avg=10967.40, stdev=288.76, samples=5
  write: IOPS=1215, BW=19.0MiB/s (19.9MB/s)(51.3MiB/2703msec); 0 zone resets
    clat (usec): min=19, max=1586, avg=28.37, stdev=32.33
     lat (usec): min=19, max=1587, avg=28.73, stdev=32.37
    clat percentiles (usec):
     |  1.00th=[   22],  5.00th=[   22], 10.00th=[   23], 20.00th=[   24],
     | 30.00th=[   25], 40.00th=[   25], 50.00th=[   26], 60.00th=[   28],
     | 70.00th=[   28], 80.00th=[   30], 90.00th=[   33], 95.00th=[   36],
     | 99.00th=[   73], 99.50th=[   91], 99.90th=[  219], 99.95th=[  824],
     | 99.99th=[ 1582]
   bw (  KiB/s): min=19358, max=19865, per=100.00%, avg=19551.20, stdev=251.88, samples=5
   iops        : min= 1209, max= 1241, avg=1221.20, stdev=15.91, samples=5
  lat (usec)   : 4=0.01%, 10=0.01%, 20=0.02%, 50=10.21%, 100=84.28%
  lat (usec)   : 250=4.30%, 500=1.09%, 750=0.05%, 1000=0.02%
  lat (msec)   : 2=0.01%
  cpu          : usr=0.70%, sys=9.22%, ctx=34364, majf=0, minf=7
  IO depths    : 1=100.0%, 2=0.0%, 4=0.0%, 8=0.0%, 16=0.0%, 32=0.0%, >=64=0.0%
     submit    : 0=0.0%, 4=100.0%, 8=0.0%, 16=0.0%, 32=0.0%, 64=0.0%, >=64=0.0%
     complete  : 0=0.0%, 4=100.0%, 8=0.0%, 16=0.0%, 32=0.0%, 64=0.0%, >=64=0.0%
     issued rwts: total=29482,3286,0,0 short=0,0,0,0 dropped=0,0,0,0
     latency   : target=0, window=0, percentile=100.00%, depth=32

Run status group 0 (all jobs):
   READ: bw=170MiB/s (179MB/s), 170MiB/s-170MiB/s (179MB/s-179MB/s), io=461MiB (483MB), run=2703-2703msec
  WRITE: bw=19.0MiB/s (19.9MB/s), 19.0MiB/s-19.0MiB/s (19.9MB/s-19.9MB/s), io=51.3MiB (53.8MB), run=2703-2703msec

🚀 Running: seqread
seqread: (g=0): rw=read, bs=(R) 512KiB-512KiB, (W) 512KiB-512KiB, (T) 512KiB-512KiB, ioengine=psync, iodepth=4
fio-3.39
Starting 1 process
note: both iodepth >= 1 and synchronous I/O engine are selected, queue depth will be capped at 1

seqread: (groupid=0, jobs=1): err= 0: pid=86761: Wed Apr 30 16:03:36 2025
  read: IOPS=2426, BW=1213MiB/s (1272MB/s)(512MiB/422msec)
    clat (usec): min=298, max=933, avg=410.87, stdev=62.84
     lat (usec): min=298, max=933, avg=410.92, stdev=62.83
    clat percentiles (usec):
     |  1.00th=[  310],  5.00th=[  334], 10.00th=[  347], 20.00th=[  363],
     | 30.00th=[  375], 40.00th=[  388], 50.00th=[  400], 60.00th=[  416],
     | 70.00th=[  433], 80.00th=[  453], 90.00th=[  482], 95.00th=[  523],
     | 99.00th=[  594], 99.50th=[  619], 99.90th=[  873], 99.95th=[  930],
     | 99.99th=[  930]
  lat (usec)   : 500=92.68%, 750=6.93%, 1000=0.39%
  cpu          : usr=0.00%, sys=5.23%, ctx=1252, majf=0, minf=43
  IO depths    : 1=100.0%, 2=0.0%, 4=0.0%, 8=0.0%, 16=0.0%, 32=0.0%, >=64=0.0%
     submit    : 0=0.0%, 4=100.0%, 8=0.0%, 16=0.0%, 32=0.0%, 64=0.0%, >=64=0.0%
     complete  : 0=0.0%, 4=100.0%, 8=0.0%, 16=0.0%, 32=0.0%, 64=0.0%, >=64=0.0%
     issued rwts: total=1024,0,0,0 short=0,0,0,0 dropped=0,0,0,0
     latency   : target=0, window=0, percentile=100.00%, depth=4

Run status group 0 (all jobs):
   READ: bw=1213MiB/s (1272MB/s), 1213MiB/s-1213MiB/s (1272MB/s-1272MB/s), io=512MiB (537MB), run=422-422msec


🧹 Cleaning up...
✅ Done.
